// Jest Snapshot v1, https://goo.gl/fbAQLP

exports[`Bottom Nav component should render default bottomNav component 1`] = `
<a
  className="w-100"
  href="/login"
  onClick={[Function]}
>
  <div
    className="w-100 v-mid bg-theme-dark flex flex-row justify-start items-center pv2 ph3"
    id="bottom-nav"
  >
    <svg
      className="feather feather-log-in white w2 h2 mr3"
      fill="none"
      height={24}
      stroke="currentColor"
      strokeLinecap="round"
      strokeLinejoin="round"
      strokeWidth="2"
      style={
        Object {
          "height": "1.5em",
          "width": "1.5em",
        }
      }
      viewBox="0 0 24 24"
      width={24}
    >
      <g
        dangerouslySetInnerHTML={
          Object {
            "__html": "<path d=\\"M15 3h4a2 2 0 0 1 2 2v14a2 2 0 0 1-2 2h-4\\"></path><polyline points=\\"10 17 15 12 10 7\\"></polyline><line x1=\\"15\\" y1=\\"12\\" x2=\\"3\\" y2=\\"12\\"></line>",
          }
        }
      />
    </svg>
    <div
      className="white"
    >
      Login or Register
    </div>
  </div>
</a>
`;

exports[`Bottom Nav component should render default bottomNav component when show is false 1`] = `
<a
  className="w-100"
  href="/login"
  onClick={[Function]}
>
  <div
    className="w-100 v-mid bg-theme-dark flex flex-row justify-start items-center pv2 ph3"
    id="bottom-nav"
  >
    <svg
      className="feather feather-log-in white w2 h2 mr3"
      fill="none"
      height={24}
      stroke="currentColor"
      strokeLinecap="round"
      strokeLinejoin="round"
      strokeWidth="2"
      style={
        Object {
          "height": "1.5em",
          "width": "1.5em",
        }
      }
      viewBox="0 0 24 24"
      width={24}
    >
      <g
        dangerouslySetInnerHTML={
          Object {
            "__html": "<path d=\\"M15 3h4a2 2 0 0 1 2 2v14a2 2 0 0 1-2 2h-4\\"></path><polyline points=\\"10 17 15 12 10 7\\"></polyline><line x1=\\"15\\" y1=\\"12\\" x2=\\"3\\" y2=\\"12\\"></line>",
          }
        }
      />
    </svg>
    <div
      className="white"
    >
      Login or Register
    </div>
  </div>
</a>
`;

exports[`Bottom Nav component should render default bottomNav component when visible and user belongs to circle 1`] = `
<div
  className="w-100 v-mid bg-theme-dark flex flex-row justify-start items-center pv2 ph3"
  id="bottom-nav-no-hover"
>
  <div
    className="white-50"
  >
    Select a Circle
  </div>
</div>
`;
